Archive member included because of file (symbol)

../../..//mcu/libfitkit/build\libfitkit_f1xx.a(fitkitlib_f1xx.o)
                              build/mcu/main_swhw_f1xx.o (initialize_hardware)
../../..//mcu/libfitkit/build\libfitkit_f1xx.a(flash_f1xx.o)
                              ../../..//mcu/libfitkit/build\libfitkit_f1xx.a(fitkitlib_f1xx.o) (flash_init)
../../..//mcu/libfitkit/build\libfitkit_f1xx.a(flash_fpga_f1xx.o)
                              ../../..//mcu/libfitkit/build\libfitkit_f1xx.a(fitkitlib_f1xx.o) (FPGAConfig_init)
../../..//mcu/libfitkit/build\libfitkit_f1xx.a(fpga_f1xx.o)
                              ../../..//mcu/libfitkit/build\libfitkit_f1xx.a(fitkitlib_f1xx.o) (FPGA_init)
../../..//mcu/libfitkit/build\libfitkit_f1xx.a(globfun_f1xx.o)
                              ../../..//mcu/libfitkit/build\libfitkit_f1xx.a(flash_f1xx.o) (long2str)
../../..//mcu/libfitkit/build\libfitkit_f1xx.a(spi_f1xx.o)
                              ../../..//mcu/libfitkit/build\libfitkit_f1xx.a(fitkitlib_f1xx.o) (SPI_Init)
../../..//mcu/libfitkit/build\libfitkit_f1xx.a(terminal_f1xx.o)
                              ../../..//mcu/libfitkit/build\libfitkit_f1xx.a(fitkitlib_f1xx.o) (terminal_init)
../../..//mcu/libfitkit/build\libfitkit_f1xx.a(timer_b_f1xx.o)
                              ../../..//mcu/libfitkit/build\libfitkit_f1xx.a(fitkitlib_f1xx.o) (timerb_init)
../../..//mcu/libfitkit/build\libfitkit_f1xx.a(uart_f1xx.o)
                              ../../..//mcu/libfitkit/build\libfitkit_f1xx.a(terminal_f1xx.o) (serial_init)
../../..//mcu/libfitkit/build\libfitkit_f1xx.a(filetransfer_f1xx.o)
                              ../../..//mcu/libfitkit/build\libfitkit_f1xx.a(fitkitlib_f1xx.o) (SPI_WriteFile)
../../..//mcu/libfitkit/build\libfitkit_f1xx.a(cmd_f1xx.o)
                              ../../..//mcu/libfitkit/build\libfitkit_f1xx.a(terminal_f1xx.o) (term_cmd_clear)
C:\Program Files\mspgcc\bin\..\lib\gcc-lib\msp430\3.2.3\libgcc.a(_cmpdi2.o)
                              build/mcu/main_swhw_f1xx.o (__cmpdi2)
C:\Program Files\mspgcc\bin\..\lib\gcc-lib\msp430\3.2.3\libgcc.a(__stop_progExec__.o)
                              build/mcu/main_swhw_f1xx.o (__stop_progExec__)
C:\Program Files\mspgcc\bin\..\lib\gcc-lib\msp430\3.2.3\libgcc.a(_mulsi3hw.o)
                              ../../..//mcu/libfitkit/build\libfitkit_f1xx.a(flash_f1xx.o) (__umulsi3hw)
C:\Program Files\mspgcc\bin\..\lib\gcc-lib\msp430\3.2.3\libgcc.a(_udivmodhi4.o)
                              build/mcu/main_swhw_f1xx.o (__udivmodhi4)
C:\Program Files\mspgcc\bin\..\lib\gcc-lib\msp430\3.2.3\libgcc.a(_udivmodsi4.o)
                              ../../..//mcu/libfitkit/build\libfitkit_f1xx.a(flash_f1xx.o) (__udivmodsi4)
C:\Program Files\mspgcc\bin\..\lib\gcc-lib\msp430\3.2.3\libgcc.a(_divmodsi4.o)
                              ../../..//mcu/libfitkit/build\libfitkit_f1xx.a(flash_f1xx.o) (__divmodsi4)
C:\Program Files\mspgcc\bin\..\lib\gcc-lib\msp430\3.2.3\libgcc.a(_reset_vector__.o)
                              C:\Program Files\mspgcc\bin\..\lib\gcc-lib\msp430\3.2.3\..\..\..\..\msp430\lib\crt430x168.o (_reset_vector__)
C:\Program Files\mspgcc\bin\..\lib\gcc-lib\msp430\3.2.3\libgcc.a(_muldi3.o)
                              build/mcu/main_swhw_f1xx.o (__muldi3)
C:\Program Files\mspgcc\bin\..\lib\gcc-lib\msp430\3.2.3\libgcc.a(__low_level_init.o)
                              C:\Program Files\mspgcc\bin\..\lib\gcc-lib\msp430\3.2.3\libgcc.a(_reset_vector__.o) (__low_level_init)
C:\Program Files\mspgcc\bin\..\lib\gcc-lib\msp430\3.2.3\libgcc.a(_copy_data.o)
                              C:\Program Files\mspgcc\bin\..\lib\gcc-lib\msp430\3.2.3\libgcc.a(_reset_vector__.o) (__do_copy_data)
C:\Program Files\mspgcc\bin\..\lib\gcc-lib\msp430\3.2.3\libgcc.a(_clear_bss.o)
                              C:\Program Files\mspgcc\bin\..\lib\gcc-lib\msp430\3.2.3\libgcc.a(_reset_vector__.o) (__do_clear_bss)
C:\Program Files\mspgcc\bin\..\lib\gcc-lib\msp430\3.2.3\libgcc.a(__jump_to_main.o)
                              C:\Program Files\mspgcc\bin\..\lib\gcc-lib\msp430\3.2.3\libgcc.a(_reset_vector__.o) (__jump_to_main)
C:\Program Files\mspgcc\bin\..\lib\gcc-lib\msp430\3.2.3\libgcc.a(_floatdisf.o)
                              build/mcu/main_swhw_f1xx.o (__floatdisf)
C:\Program Files\mspgcc\bin\..\lib\gcc-lib\msp430\3.2.3\libgcc.a(_addsub_sf.o)
                              build/mcu/main_swhw_f1xx.o (__addsf3)
C:\Program Files\mspgcc\bin\..\lib\gcc-lib\msp430\3.2.3\libgcc.a(_mul_sf.o)
                              build/mcu/main_swhw_f1xx.o (__mulsf3)
C:\Program Files\mspgcc\bin\..\lib\gcc-lib\msp430\3.2.3\libgcc.a(_div_sf.o)
                              build/mcu/main_swhw_f1xx.o (__divsf3)
C:\Program Files\mspgcc\bin\..\lib\gcc-lib\msp430\3.2.3\libgcc.a(_gt_sf.o)
                              build/mcu/main_swhw_f1xx.o (__gtsf2)
C:\Program Files\mspgcc\bin\..\lib\gcc-lib\msp430\3.2.3\libgcc.a(_si_to_sf.o)
                              build/mcu/main_swhw_f1xx.o (__floatsisf)
C:\Program Files\mspgcc\bin\..\lib\gcc-lib\msp430\3.2.3\libgcc.a(_thenan_sf.o)
                              C:\Program Files\mspgcc\bin\..\lib\gcc-lib\msp430\3.2.3\libgcc.a(_addsub_sf.o) (__thenan_sf)
C:\Program Files\mspgcc\bin\..\lib\gcc-lib\msp430\3.2.3\libgcc.a(_pack_sf.o)
                              C:\Program Files\mspgcc\bin\..\lib\gcc-lib\msp430\3.2.3\libgcc.a(_addsub_sf.o) (__pack_f)
C:\Program Files\mspgcc\bin\..\lib\gcc-lib\msp430\3.2.3\libgcc.a(_unpack_sf.o)
                              C:\Program Files\mspgcc\bin\..\lib\gcc-lib\msp430\3.2.3\libgcc.a(_addsub_sf.o) (__unpack_f)
C:\Program Files\mspgcc\bin\..\lib\gcc-lib\msp430\3.2.3\libgcc.a(_fpcmp_parts_sf.o)
                              C:\Program Files\mspgcc\bin\..\lib\gcc-lib\msp430\3.2.3\libgcc.a(_gt_sf.o) (__fpcmp_parts_f)
C:\Program Files\mspgcc\bin\..\lib\gcc-lib\msp430\3.2.3\..\..\..\..\msp430\lib\libc.a(isdigit.o)
                              ../../..//mcu/libfitkit/build\libfitkit_f1xx.a(globfun_f1xx.o) (isdigit)
C:\Program Files\mspgcc\bin\..\lib\gcc-lib\msp430\3.2.3\..\..\..\..\msp430\lib\libc.a(strlen.o)
                              ../../..//mcu/libfitkit/build\libfitkit_f1xx.a(flash_f1xx.o) (strlen)

Allocating common symbols
Common symbol       size              file

BreakFlag           0x1               ../../..//mcu/libfitkit/build\libfitkit_f1xx.a(uart_f1xx.o)
TransmitNum         0x1               ../../..//mcu/libfitkit/build\libfitkit_f1xx.a(uart_f1xx.o)
Cmd_Old             0x1               ../../..//mcu/libfitkit/build\libfitkit_f1xx.a(terminal_f1xx.o)
cb_fun              0x2               ../../..//mcu/libfitkit/build\libfitkit_f1xx.a(filetransfer_f1xx.o)
ReceiveNum          0x2               ../../..//mcu/libfitkit/build\libfitkit_f1xx.a(uart_f1xx.o)
cb_buf              0x2               ../../..//mcu/libfitkit/build\libfitkit_f1xx.a(filetransfer_f1xx.o)
CMD_Long            0x4               ../../..//mcu/libfitkit/build\libfitkit_f1xx.a(cmd_f1xx.o)
CountPage           0x2               ../../..//mcu/libfitkit/build\libfitkit_f1xx.a(flash_f1xx.o)
ReceiveBuf          0x7f              ../../..//mcu/libfitkit/build\libfitkit_f1xx.a(uart_f1xx.o)
ReceiveIndexRec     0x2               ../../..//mcu/libfitkit/build\libfitkit_f1xx.a(uart_f1xx.o)
TransmitBuf         0x64              ../../..//mcu/libfitkit/build\libfitkit_f1xx.a(uart_f1xx.o)
ErrorFlag           0x1               ../../..//mcu/libfitkit/build\libfitkit_f1xx.a(uart_f1xx.o)
ReceiveIndex        0x2               ../../..//mcu/libfitkit/build\libfitkit_f1xx.a(uart_f1xx.o)
TransmitIndexSend   0x1               ../../..//mcu/libfitkit/build\libfitkit_f1xx.a(uart_f1xx.o)
TypeBufferFlash     0x1               ../../..//mcu/libfitkit/build\libfitkit_f1xx.a(flash_f1xx.o)
TransmitIndex       0x1               ../../..//mcu/libfitkit/build\libfitkit_f1xx.a(uart_f1xx.o)
PomRS232            0x1               ../../..//mcu/libfitkit/build\libfitkit_f1xx.a(uart_f1xx.o)
AdrBufferFlash      0x2               ../../..//mcu/libfitkit/build\libfitkit_f1xx.a(flash_f1xx.o)
CMDStr              0x19              ../../..//mcu/libfitkit/build\libfitkit_f1xx.a(cmd_f1xx.o)
Cmd                 0x1               ../../..//mcu/libfitkit/build\libfitkit_f1xx.a(terminal_f1xx.o)
CMDStrLen           0x1               ../../..//mcu/libfitkit/build\libfitkit_f1xx.a(cmd_f1xx.o)

Memory Configuration

Name             Origin             Length             Attributes
text             0x00004000         0x0000bfe0         xr
data             0x00000200         0x00000800         xrw
vectors          0x0000ffe0         0x00000020         rw
bootloader       0x00000c00         0x00000400         xr
infomem          0x00001000         0x00000100         xr
infomemnobits    0x00001000         0x00000100         xr
*default*        0x00000000         0xffffffff

Linker script and memory map

LOAD C:\Program Files\mspgcc\bin\..\lib\gcc-lib\msp430\3.2.3\..\..\..\..\msp430\lib\crt430x168.o
LOAD build/mcu/main_swhw_f1xx.o
LOAD ../../..//mcu/libfitkit/build\libfitkit_f1xx.a
LOAD C:\Program Files\mspgcc\bin\..\lib\gcc-lib\msp430\3.2.3\libgcc.a
LOAD C:\Program Files\mspgcc\bin\..\lib\gcc-lib\msp430\3.2.3\..\..\..\..\msp430\lib\libc.a
LOAD C:\Program Files\mspgcc\bin\..\lib\gcc-lib\msp430\3.2.3\libgcc.a

.hash
 *(.hash)

.dynsym
 *(.dynsym)

.dynstr
 *(.dynstr)

.gnu.version
 *(.gnu.version)

.gnu.version_d
 *(.gnu.version_d)

.gnu.version_r
 *(.gnu.version_r)

.rel.init
 *(.rel.init)

.rela.init
 *(.rela.init)

.rel.text
 *(.rel.text)
 *(.rel.text.*)
 *(.rel.gnu.linkonce.t*)

.rela.text
 *(.rela.text)
 *(.rela.text.*)
 *(.rela.gnu.linkonce.t*)

.rel.fini
 *(.rel.fini)

.rela.fini
 *(.rela.fini)

.rel.rodata
 *(.rel.rodata)
 *(.rel.rodata.*)
 *(.rel.gnu.linkonce.r*)

.rela.rodata
 *(.rela.rodata)
 *(.rela.rodata.*)
 *(.rela.gnu.linkonce.r*)

.rel.data
 *(.rel.data)
 *(.rel.data.*)
 *(.rel.gnu.linkonce.d*)

.rela.data
 *(.rela.data)
 *(.rela.data.*)
 *(.rela.gnu.linkonce.d*)

.rel.ctors
 *(.rel.ctors)

.rela.ctors
 *(.rela.ctors)

.rel.dtors
 *(.rel.dtors)

.rela.dtors
 *(.rela.dtors)

.rel.got
 *(.rel.got)

.rela.got
 *(.rela.got)

.rel.bss
 *(.rel.bss)

.rela.bss
 *(.rela.bss)

.rel.plt
 *(.rel.plt)

.rela.plt
 *(.rela.plt)

.text           0x00004000     0x5a5c
                0x00004000                . = ALIGN (0x2)
 *(.init)
 *(.init)
 *(.init0)
 .init0         0x00004000        0x0 C:\Program Files\mspgcc\bin\..\lib\gcc-lib\msp430\3.2.3\libgcc.a(_reset_vector__.o)
                0x00004000                _reset_vector__
 *(.init0)
 *(.init1)
 *(.init1)
 *(.init2)
 *(.init2)
 *(.init3)
 .init3         0x00004000        0x6 C:\Program Files\mspgcc\bin\..\lib\gcc-lib\msp430\3.2.3\libgcc.a(__low_level_init.o)
                0x00004000                __low_level_init
 *(.init3)
 *(.init4)
 .init4         0x00004006       0x12 C:\Program Files\mspgcc\bin\..\lib\gcc-lib\msp430\3.2.3\libgcc.a(_copy_data.o)
                0x00004006                __do_copy_data
 .init4         0x00004018       0x10 C:\Program Files\mspgcc\bin\..\lib\gcc-lib\msp430\3.2.3\libgcc.a(_clear_bss.o)
                0x00004018                __do_clear_bss
 *(.init4)
 *(.init5)
 *(.init5)
 *(.init6)
 *(.init6)
 *(.init7)
 *(.init7)
 *(.init8)
 *(.init8)
 *(.init9)
 .init9         0x00004028        0x4 C:\Program Files\mspgcc\bin\..\lib\gcc-lib\msp430\3.2.3\libgcc.a(__jump_to_main.o)
                0x00004028                __jump_to_main
 *(.init9)
                0x0000402c                __ctors_start = .
 *(.ctors)
 *(.ctors)
                0x0000402c                __ctors_end = .
                0x0000402c                __dtors_start = .
 *(.dtors)
 *(.dtors)
                0x0000402c                __dtors_end = .
                0x0000402c                . = ALIGN (0x2)
 *(.text)
 .text          0x0000402c        0x6 C:\Program Files\mspgcc\bin\..\lib\gcc-lib\msp430\3.2.3\..\..\..\..\msp430\lib\crt430x168.o
                0x0000402c                _unexpected_1_
                0x0000402c                vector_ffe0
                0x0000402c                vector_ffec
                0x0000402c                vector_fffc
                0x0000402c                vector_ffe4
                0x0000402c                vector_ffe2
                0x0000402c                vector_ffe8
                0x00004030                _unexpected_
                0x0000402c                vector_fffa
                0x0000402c                vector_ffee
                0x0000402c                vector_fff4
                0x0000402c                vector_fff8
                0x0000402c                vector_ffe6
                0x0000402c                vector_fff6
                0x0000402c                vector_ffea
 .text          0x00004032      0x74c build/mcu/main_swhw_f1xx.o
                0x000040f8                otsu
                0x0000403c                decode_user_cmd
                0x00004068                fpga_read
                0x00004032                print_user_help
                0x000045c8                main
                0x000044fa                print_results
                0x0000405e                fpga_initialized
                0x000040b0                fpga_write
 .text          0x0000477e      0x406 ../../..//mcu/libfitkit/build\libfitkit_f1xx.a(fitkitlib_f1xx.o)
                0x000047aa                clock_system_init
                0x0000477e                delay_cycle
                0x000047ec                smclk_stop
                0x00004870                fpga_configure_from_flash
                0x00004a64                initialize_hardware_
                0x00004b74                initialize_hardware
                0x0000496e                fpga_configure_from_mcu
 .text          0x00004b84     0x1448 ../../..//mcu/libfitkit/build\libfitkit_f1xx.a(flash_f1xx.o)
                0x00005c5a                FLASH_Dump_Page
                0x00005b46                FLASH_EraseAll
                0x000054da                FLASH_ReadDataBuffer
                0x00005a9a                FLASH_ErasePage
                0x00004f7e                FLASH_print_status
                0x00005bfe                FLASH_Dump_Block
                0x00005d0a                FLASH_Dump_Adr
                0x00004c7c                flash_init
                0x00005af0                FLASH_EraseBlock
                0x000056c8                FLASH_ReadDataA
                0x0000544a                FLASH_WriteDataBuffer
                0x00004d78                FLASH_availablepages
                0x0000565e                FLASH_isPageBlank
                0x00004e58                FLASH_IsReady
                0x00004de6                FLASH_blocks
                0x00004b84                FLASH_PageToAddr
                0x0000537e                FLASH_WriteToBuffer
                0x000059cc                FLASH_WriteByte
                0x000055f0                FLASH_ReadData_Finalize
                0x000057c2                FLASH_ReadMemoryBuffer
                0x00004e00                FLASH_size
                0x00005bae                FLASH_Dump_All
                0x00004bb6                flash_init_
                0x0000574c                FLASH_WriteBufferMemory
                0x00005576                FLASH_ReadData_Initialize
                0x000055fe                FLASH_ReadData
                0x00005a70                FLASH_EraseByte
                0x00004e26                FLASH_ReadStatus
                0x00005846                FLASH_ProgFPGA
 .text          0x00005fcc      0x418 ../../..//mcu/libfitkit/build\libfitkit_f1xx.a(flash_fpga_f1xx.o)
                0x00005fcc                delay_cycle_
                0x00006178                FPGAConfig_finalize
                0x000061ca                FPGAConfig_detect_fpga
                0x00006092                FPGAConfig_initialize
                0x00005ff8                FPGAConfig_init
 .text          0x000063e4      0x290 ../../..//mcu/libfitkit/build\libfitkit_f1xx.a(fpga_f1xx.o)
                0x0000641a                FPGA_SPI_RW_A8_D8
                0x0000646a                FPGA_SPI_RW_A8_D16
                0x0000657e                FPGA_SPI_RW_AN_DN
                0x000064e0                FPGA_SPI_RW_A8_DN
                0x000063e4                FPGA_init
                0x000063f6                FPGA_reset
 .text          0x00006674      0x706 ../../..//mcu/libfitkit/build\libfitkit_f1xx.a(globfun_f1xx.o)
                0x00006674                chr2bin
                0x00006786                chr2digit
                0x0000672e                chr2hex
                0x00006b28                strrev
                0x000068b8                str2long
                0x00006988                str2long_2x
                0x00006802                hex2chr
                0x000066e2                digit2chr
                0x00006b94                strupper
                0x00006c2a                long2str
                0x00006856                rchr
 .text          0x00006d7a       0xbe ../../..//mcu/libfitkit/build\libfitkit_f1xx.a(spi_f1xx.o)
                0x00006dbc                SPI_Close
                0x00006ddc                SPI_read_wait_write
                0x00006e0c                SPI_write_wait_read
                0x00006d7a                SPI_Init
 .text          0x00006e38      0x926 ../../..//mcu/libfitkit/build\libfitkit_f1xx.a(terminal_f1xx.o)
                0x00006e5c                terminal_init
                0x00007168                terminal_idle_cb
                0x0000774e                terminal_idle
 .text          0x0000775e       0xdc ../../..//mcu/libfitkit/build\libfitkit_f1xx.a(timer_b_f1xx.o)
                0x0000775e                timerb_init
                0x00007774                delay_ms
 .text          0x0000783a      0x3fc ../../..//mcu/libfitkit/build\libfitkit_f1xx.a(uart_f1xx.o)
                0x00007988                term_send_str
                0x00007b8c                TxintrRS232
                0x000079c6                term_send_num
                0x00007a08                term_send_hex
                0x00007bce                RxintrRS232
                0x00007b8c                vector_fff0
                0x00007a8c                term_rcv_block
                0x00007928                term_send_char_idle
                0x000078a8                serial_close
                0x00007b2a                term_rcv_char_t
                0x00007bce                vector_fff2
                0x0000783a                serial_init
                0x00007950                term_send_char_hex
                0x00007a4a                term_rcv_char
                0x000078e2                term_send_char
 .text          0x00007c36      0x878 ../../..//mcu/libfitkit/build\libfitkit_f1xx.a(filetransfer_f1xx.o)
                0x00007cf8                send_header
                0x00008208                SPI_WriteFile
                0x00008146                sendPageSPI
                0x000083da                ReceiveFile
                0x00007e66                writePageToFlash
                0x000082a4                FLASH_WriteFile
                0x00007c36                serial_rx_timeout
                0x00008302                cbPage
                0x0000800c                transmittFile
                0x00007c92                serial_tx_buf
 .text          0x000084ae      0x7f2 ../../..//mcu/libfitkit/build\libfitkit_f1xx.a(cmd_f1xx.o)
                0x00008588                term_cmd_decode
                0x000084bc                term_cmd_read
                0x000084ae                term_cmd_clear
 .text          0x00008ca0        0x0 C:\Program Files\mspgcc\bin\..\lib\gcc-lib\msp430\3.2.3\libgcc.a(_cmpdi2.o)
 .text          0x00008ca0        0x0 C:\Program Files\mspgcc\bin\..\lib\gcc-lib\msp430\3.2.3\libgcc.a(__stop_progExec__.o)
 .text          0x00008ca0        0x0 C:\Program Files\mspgcc\bin\..\lib\gcc-lib\msp430\3.2.3\libgcc.a(_mulsi3hw.o)
 .text          0x00008ca0        0x0 C:\Program Files\mspgcc\bin\..\lib\gcc-lib\msp430\3.2.3\libgcc.a(_udivmodhi4.o)
 .text          0x00008ca0        0x0 C:\Program Files\mspgcc\bin\..\lib\gcc-lib\msp430\3.2.3\libgcc.a(_udivmodsi4.o)
 .text          0x00008ca0        0x0 C:\Program Files\mspgcc\bin\..\lib\gcc-lib\msp430\3.2.3\libgcc.a(_divmodsi4.o)
 .text          0x00008ca0        0x0 C:\Program Files\mspgcc\bin\..\lib\gcc-lib\msp430\3.2.3\libgcc.a(_reset_vector__.o)
 .text          0x00008ca0        0x0 C:\Program Files\mspgcc\bin\..\lib\gcc-lib\msp430\3.2.3\libgcc.a(_muldi3.o)
 .text          0x00008ca0        0x0 C:\Program Files\mspgcc\bin\..\lib\gcc-lib\msp430\3.2.3\libgcc.a(__low_level_init.o)
 .text          0x00008ca0        0x0 C:\Program Files\mspgcc\bin\..\lib\gcc-lib\msp430\3.2.3\libgcc.a(_copy_data.o)
 .text          0x00008ca0        0x0 C:\Program Files\mspgcc\bin\..\lib\gcc-lib\msp430\3.2.3\libgcc.a(_clear_bss.o)
 .text          0x00008ca0        0x0 C:\Program Files\mspgcc\bin\..\lib\gcc-lib\msp430\3.2.3\libgcc.a(__jump_to_main.o)
 .text          0x00008ca0       0xf0 C:\Program Files\mspgcc\bin\..\lib\gcc-lib\msp430\3.2.3\libgcc.a(_floatdisf.o)
                0x00008ca0                __floatdisf
 .text          0x00008d90      0x2be C:\Program Files\mspgcc\bin\..\lib\gcc-lib\msp430\3.2.3\libgcc.a(_addsub_sf.o)
                0x00008ffe                __subsf3
                0x00008fb2                __addsf3
 .text          0x0000904e      0x26a C:\Program Files\mspgcc\bin\..\lib\gcc-lib\msp430\3.2.3\libgcc.a(_mul_sf.o)
                0x0000904e                __mulsf3
 .text          0x000092b8      0x172 C:\Program Files\mspgcc\bin\..\lib\gcc-lib\msp430\3.2.3\libgcc.a(_div_sf.o)
                0x000092b8                __divsf3
 .text          0x0000942a       0x62 C:\Program Files\mspgcc\bin\..\lib\gcc-lib\msp430\3.2.3\libgcc.a(_gt_sf.o)
                0x0000942a                __gtsf2
 .text          0x0000948c       0x92 C:\Program Files\mspgcc\bin\..\lib\gcc-lib\msp430\3.2.3\libgcc.a(_si_to_sf.o)
                0x0000948c                __floatsisf
 .text          0x0000951e        0x8 C:\Program Files\mspgcc\bin\..\lib\gcc-lib\msp430\3.2.3\libgcc.a(_thenan_sf.o)
                0x0000951e                __thenan_sf
 .text          0x00009526      0x1b0 C:\Program Files\mspgcc\bin\..\lib\gcc-lib\msp430\3.2.3\libgcc.a(_pack_sf.o)
                0x00009526                __pack_f
 .text          0x000096d6       0xf6 C:\Program Files\mspgcc\bin\..\lib\gcc-lib\msp430\3.2.3\libgcc.a(_unpack_sf.o)
                0x000096d6                __unpack_f
 .text          0x000097cc      0x118 C:\Program Files\mspgcc\bin\..\lib\gcc-lib\msp430\3.2.3\libgcc.a(_fpcmp_parts_sf.o)
                0x000097cc                __fpcmp_parts_f
 .text          0x000098e4       0x12 C:\Program Files\mspgcc\bin\..\lib\gcc-lib\msp430\3.2.3\..\..\..\..\msp430\lib\libc.a(isdigit.o)
                0x000098e4                isdigit
 .text          0x000098f6       0x14 C:\Program Files\mspgcc\bin\..\lib\gcc-lib\msp430\3.2.3\..\..\..\..\msp430\lib\libc.a(strlen.o)
                0x000098f6                strlen
                0x0000990a                . = ALIGN (0x2)
 *(.text.*)
 .text.libgcc   0x0000990a       0x2a C:\Program Files\mspgcc\bin\..\lib\gcc-lib\msp430\3.2.3\libgcc.a(_cmpdi2.o)
                0x0000990a                __cmpdi2
 .text.libgcc   0x00009934        0x0 C:\Program Files\mspgcc\bin\..\lib\gcc-lib\msp430\3.2.3\libgcc.a(__stop_progExec__.o)
 .text.libgcc   0x00009934       0x28 C:\Program Files\mspgcc\bin\..\lib\gcc-lib\msp430\3.2.3\libgcc.a(_mulsi3hw.o)
                0x00009934                __umulsi3hw
 .text.libgcc   0x0000995c       0x1c C:\Program Files\mspgcc\bin\..\lib\gcc-lib\msp430\3.2.3\libgcc.a(_udivmodhi4.o)
                0x0000995c                __udivmodhi4
 .text.libgcc   0x00009978       0x2a C:\Program Files\mspgcc\bin\..\lib\gcc-lib\msp430\3.2.3\libgcc.a(_udivmodsi4.o)
                0x00009978                __udivmodsi4
 .text.libgcc   0x000099a2       0x4a C:\Program Files\mspgcc\bin\..\lib\gcc-lib\msp430\3.2.3\libgcc.a(_divmodsi4.o)
                0x000099a2                __divmodsi4
 .text.libgcc   0x000099ec        0x0 C:\Program Files\mspgcc\bin\..\lib\gcc-lib\msp430\3.2.3\libgcc.a(_reset_vector__.o)
 .text.libgcc   0x000099ec       0x6e C:\Program Files\mspgcc\bin\..\lib\gcc-lib\msp430\3.2.3\libgcc.a(_muldi3.o)
                0x000099ec                __muldi3
 .text.libgcc   0x00009a5a        0x0 C:\Program Files\mspgcc\bin\..\lib\gcc-lib\msp430\3.2.3\libgcc.a(__low_level_init.o)
 .text.libgcc   0x00009a5a        0x0 C:\Program Files\mspgcc\bin\..\lib\gcc-lib\msp430\3.2.3\libgcc.a(_copy_data.o)
 .text.libgcc   0x00009a5a        0x0 C:\Program Files\mspgcc\bin\..\lib\gcc-lib\msp430\3.2.3\libgcc.a(_clear_bss.o)
 .text.libgcc   0x00009a5a        0x0 C:\Program Files\mspgcc\bin\..\lib\gcc-lib\msp430\3.2.3\libgcc.a(__jump_to_main.o)
                0x00009a5a                . = ALIGN (0x2)
 *(.fini9)
 .fini9         0x00009a5a        0x0 C:\Program Files\mspgcc\bin\..\lib\gcc-lib\msp430\3.2.3\libgcc.a(__stop_progExec__.o)
                0x00009a5a                __stop_progExec__
 *(.fini9)
 *(.fini8)
 *(.fini8)
 *(.fini7)
 *(.fini7)
 *(.fini6)
 *(.fini6)
 *(.fini5)
 *(.fini5)
 *(.fini4)
 *(.fini4)
 *(.fini3)
 *(.fini3)
 *(.fini2)
 *(.fini2)
 *(.fini1)
 *(.fini1)
 *(.fini0)
 .fini0         0x00009a5a        0x2 C:\Program Files\mspgcc\bin\..\lib\gcc-lib\msp430\3.2.3\libgcc.a(__stop_progExec__.o)
 *(.fini0)
 *(.fini)
 *(.fini)
                0x00009a5c                _etext = .

.data           0x00000200        0x6 load address 0x00009a5c
                0x00000200                PROVIDE (__data_start, .)
                0x00000200                . = ALIGN (0x2)
 *(.data)
 .data          0x00000200        0x0 C:\Program Files\mspgcc\bin\..\lib\gcc-lib\msp430\3.2.3\..\..\..\..\msp430\lib\crt430x168.o
 .data          0x00000200        0x0 build/mcu/main_swhw_f1xx.o
 .data          0x00000200        0x4 ../../..//mcu/libfitkit/build\libfitkit_f1xx.a(fitkitlib_f1xx.o)
                0x00000200                FPGA_config_length
 .data          0x00000204        0x2 ../../..//mcu/libfitkit/build\libfitkit_f1xx.a(flash_f1xx.o)
                0x00000204                CNT_PAGES
 .data          0x00000206        0x0 ../../..//mcu/libfitkit/build\libfitkit_f1xx.a(flash_fpga_f1xx.o)
 .data          0x00000206        0x0 ../../..//mcu/libfitkit/build\libfitkit_f1xx.a(fpga_f1xx.o)
 .data          0x00000206        0x0 ../../..//mcu/libfitkit/build\libfitkit_f1xx.a(globfun_f1xx.o)
 .data          0x00000206        0x0 ../../..//mcu/libfitkit/build\libfitkit_f1xx.a(spi_f1xx.o)
 .data          0x00000206        0x0 ../../..//mcu/libfitkit/build\libfitkit_f1xx.a(terminal_f1xx.o)
 .data          0x00000206        0x0 ../../..//mcu/libfitkit/build\libfitkit_f1xx.a(timer_b_f1xx.o)
 .data          0x00000206        0x0 ../../..//mcu/libfitkit/build\libfitkit_f1xx.a(uart_f1xx.o)
 .data          0x00000206        0x0 ../../..//mcu/libfitkit/build\libfitkit_f1xx.a(filetransfer_f1xx.o)
 .data          0x00000206        0x0 ../../..//mcu/libfitkit/build\libfitkit_f1xx.a(cmd_f1xx.o)
 .data          0x00000206        0x0 C:\Program Files\mspgcc\bin\..\lib\gcc-lib\msp430\3.2.3\libgcc.a(_cmpdi2.o)
 .data          0x00000206        0x0 C:\Program Files\mspgcc\bin\..\lib\gcc-lib\msp430\3.2.3\libgcc.a(__stop_progExec__.o)
 .data          0x00000206        0x0 C:\Program Files\mspgcc\bin\..\lib\gcc-lib\msp430\3.2.3\libgcc.a(_mulsi3hw.o)
 .data          0x00000206        0x0 C:\Program Files\mspgcc\bin\..\lib\gcc-lib\msp430\3.2.3\libgcc.a(_udivmodhi4.o)
 .data          0x00000206        0x0 C:\Program Files\mspgcc\bin\..\lib\gcc-lib\msp430\3.2.3\libgcc.a(_udivmodsi4.o)
 .data          0x00000206        0x0 C:\Program Files\mspgcc\bin\..\lib\gcc-lib\msp430\3.2.3\libgcc.a(_divmodsi4.o)
 .data          0x00000206        0x0 C:\Program Files\mspgcc\bin\..\lib\gcc-lib\msp430\3.2.3\libgcc.a(_reset_vector__.o)
 .data          0x00000206        0x0 C:\Program Files\mspgcc\bin\..\lib\gcc-lib\msp430\3.2.3\libgcc.a(_muldi3.o)
 .data          0x00000206        0x0 C:\Program Files\mspgcc\bin\..\lib\gcc-lib\msp430\3.2.3\libgcc.a(__low_level_init.o)
 .data          0x00000206        0x0 C:\Program Files\mspgcc\bin\..\lib\gcc-lib\msp430\3.2.3\libgcc.a(_copy_data.o)
 .data          0x00000206        0x0 C:\Program Files\mspgcc\bin\..\lib\gcc-lib\msp430\3.2.3\libgcc.a(_clear_bss.o)
 .data          0x00000206        0x0 C:\Program Files\mspgcc\bin\..\lib\gcc-lib\msp430\3.2.3\libgcc.a(__jump_to_main.o)
 .data          0x00000206        0x0 C:\Program Files\mspgcc\bin\..\lib\gcc-lib\msp430\3.2.3\libgcc.a(_floatdisf.o)
 .data          0x00000206        0x0 C:\Program Files\mspgcc\bin\..\lib\gcc-lib\msp430\3.2.3\libgcc.a(_addsub_sf.o)
 .data          0x00000206        0x0 C:\Program Files\mspgcc\bin\..\lib\gcc-lib\msp430\3.2.3\libgcc.a(_mul_sf.o)
 .data          0x00000206        0x0 C:\Program Files\mspgcc\bin\..\lib\gcc-lib\msp430\3.2.3\libgcc.a(_div_sf.o)
 .data          0x00000206        0x0 C:\Program Files\mspgcc\bin\..\lib\gcc-lib\msp430\3.2.3\libgcc.a(_gt_sf.o)
 .data          0x00000206        0x0 C:\Program Files\mspgcc\bin\..\lib\gcc-lib\msp430\3.2.3\libgcc.a(_si_to_sf.o)
 .data          0x00000206        0x0 C:\Program Files\mspgcc\bin\..\lib\gcc-lib\msp430\3.2.3\libgcc.a(_thenan_sf.o)
 .data          0x00000206        0x0 C:\Program Files\mspgcc\bin\..\lib\gcc-lib\msp430\3.2.3\libgcc.a(_pack_sf.o)
 .data          0x00000206        0x0 C:\Program Files\mspgcc\bin\..\lib\gcc-lib\msp430\3.2.3\libgcc.a(_unpack_sf.o)
 .data          0x00000206        0x0 C:\Program Files\mspgcc\bin\..\lib\gcc-lib\msp430\3.2.3\libgcc.a(_fpcmp_parts_sf.o)
 .data          0x00000206        0x0 C:\Program Files\mspgcc\bin\..\lib\gcc-lib\msp430\3.2.3\..\..\..\..\msp430\lib\libc.a(isdigit.o)
 .data          0x00000206        0x0 C:\Program Files\mspgcc\bin\..\lib\gcc-lib\msp430\3.2.3\..\..\..\..\msp430\lib\libc.a(strlen.o)
 *(SORT(.data.*))
                0x00000206                . = ALIGN (0x2)
 *(.gnu.linkonce.d*)
                0x00000206                . = ALIGN (0x2)
                0x00000206                _edata = .
                0x00009a5c                PROVIDE (__data_load_start, LOADADDR (.data))
                0x00000006                PROVIDE (__data_size, SIZEOF (.data))

.bootloader     0x00000c00        0x0
                0x00000c00                PROVIDE (__boot_start, .)
 *(.bootloader)
                0x00000c00                . = ALIGN (0x2)
 *(.bootloader.*)

.infomem        0x00001000        0x0
 *(.infomem)
                0x00001000                . = ALIGN (0x2)
 *(.infomem.*)

.infomemnobits  0x00001000        0x0
 *(.infomemnobits)
                0x00001000                . = ALIGN (0x2)
 *(.infomemnobits.*)

.bss            0x00000206      0x11c
                0x00000206                PROVIDE (__bss_start, .)
 *(.bss)
 .bss           0x00000206        0x0 C:\Program Files\mspgcc\bin\..\lib\gcc-lib\msp430\3.2.3\..\..\..\..\msp430\lib\crt430x168.o
 .bss           0x00000206        0x0 build/mcu/main_swhw_f1xx.o
 .bss           0x00000206        0x0 ../../..//mcu/libfitkit/build\libfitkit_f1xx.a(fitkitlib_f1xx.o)
 .bss           0x00000206        0x0 ../../..//mcu/libfitkit/build\libfitkit_f1xx.a(flash_f1xx.o)
 .bss           0x00000206        0x0 ../../..//mcu/libfitkit/build\libfitkit_f1xx.a(flash_fpga_f1xx.o)
 .bss           0x00000206        0x0 ../../..//mcu/libfitkit/build\libfitkit_f1xx.a(fpga_f1xx.o)
 .bss           0x00000206        0x0 ../../..//mcu/libfitkit/build\libfitkit_f1xx.a(globfun_f1xx.o)
 .bss           0x00000206        0x0 ../../..//mcu/libfitkit/build\libfitkit_f1xx.a(spi_f1xx.o)
 .bss           0x00000206        0x0 ../../..//mcu/libfitkit/build\libfitkit_f1xx.a(terminal_f1xx.o)
 .bss           0x00000206        0x0 ../../..//mcu/libfitkit/build\libfitkit_f1xx.a(timer_b_f1xx.o)
 .bss           0x00000206        0x0 ../../..//mcu/libfitkit/build\libfitkit_f1xx.a(uart_f1xx.o)
 .bss           0x00000206        0x0 ../../..//mcu/libfitkit/build\libfitkit_f1xx.a(filetransfer_f1xx.o)
 .bss           0x00000206        0x0 ../../..//mcu/libfitkit/build\libfitkit_f1xx.a(cmd_f1xx.o)
 .bss           0x00000206        0x0 C:\Program Files\mspgcc\bin\..\lib\gcc-lib\msp430\3.2.3\libgcc.a(_cmpdi2.o)
 .bss           0x00000206        0x0 C:\Program Files\mspgcc\bin\..\lib\gcc-lib\msp430\3.2.3\libgcc.a(__stop_progExec__.o)
 .bss           0x00000206        0x0 C:\Program Files\mspgcc\bin\..\lib\gcc-lib\msp430\3.2.3\libgcc.a(_mulsi3hw.o)
 .bss           0x00000206        0x0 C:\Program Files\mspgcc\bin\..\lib\gcc-lib\msp430\3.2.3\libgcc.a(_udivmodhi4.o)
 .bss           0x00000206        0x0 C:\Program Files\mspgcc\bin\..\lib\gcc-lib\msp430\3.2.3\libgcc.a(_udivmodsi4.o)
 .bss           0x00000206        0x0 C:\Program Files\mspgcc\bin\..\lib\gcc-lib\msp430\3.2.3\libgcc.a(_divmodsi4.o)
 .bss           0x00000206        0x0 C:\Program Files\mspgcc\bin\..\lib\gcc-lib\msp430\3.2.3\libgcc.a(_reset_vector__.o)
 .bss           0x00000206        0x0 C:\Program Files\mspgcc\bin\..\lib\gcc-lib\msp430\3.2.3\libgcc.a(_muldi3.o)
 .bss           0x00000206        0x0 C:\Program Files\mspgcc\bin\..\lib\gcc-lib\msp430\3.2.3\libgcc.a(__low_level_init.o)
 .bss           0x00000206        0x0 C:\Program Files\mspgcc\bin\..\lib\gcc-lib\msp430\3.2.3\libgcc.a(_copy_data.o)
 .bss           0x00000206        0x0 C:\Program Files\mspgcc\bin\..\lib\gcc-lib\msp430\3.2.3\libgcc.a(_clear_bss.o)
 .bss           0x00000206        0x0 C:\Program Files\mspgcc\bin\..\lib\gcc-lib\msp430\3.2.3\libgcc.a(__jump_to_main.o)
 .bss           0x00000206        0x0 C:\Program Files\mspgcc\bin\..\lib\gcc-lib\msp430\3.2.3\libgcc.a(_floatdisf.o)
 .bss           0x00000206        0x0 C:\Program Files\mspgcc\bin\..\lib\gcc-lib\msp430\3.2.3\libgcc.a(_addsub_sf.o)
 .bss           0x00000206        0x0 C:\Program Files\mspgcc\bin\..\lib\gcc-lib\msp430\3.2.3\libgcc.a(_mul_sf.o)
 .bss           0x00000206        0x0 C:\Program Files\mspgcc\bin\..\lib\gcc-lib\msp430\3.2.3\libgcc.a(_div_sf.o)
 .bss           0x00000206        0x0 C:\Program Files\mspgcc\bin\..\lib\gcc-lib\msp430\3.2.3\libgcc.a(_gt_sf.o)
 .bss           0x00000206        0x0 C:\Program Files\mspgcc\bin\..\lib\gcc-lib\msp430\3.2.3\libgcc.a(_si_to_sf.o)
 .bss           0x00000206        0x0 C:\Program Files\mspgcc\bin\..\lib\gcc-lib\msp430\3.2.3\libgcc.a(_thenan_sf.o)
 .bss           0x00000206        0x0 C:\Program Files\mspgcc\bin\..\lib\gcc-lib\msp430\3.2.3\libgcc.a(_pack_sf.o)
 .bss           0x00000206        0x0 C:\Program Files\mspgcc\bin\..\lib\gcc-lib\msp430\3.2.3\libgcc.a(_unpack_sf.o)
 .bss           0x00000206        0x0 C:\Program Files\mspgcc\bin\..\lib\gcc-lib\msp430\3.2.3\libgcc.a(_fpcmp_parts_sf.o)
 .bss           0x00000206        0x0 C:\Program Files\mspgcc\bin\..\lib\gcc-lib\msp430\3.2.3\..\..\..\..\msp430\lib\libc.a(isdigit.o)
 .bss           0x00000206        0x0 C:\Program Files\mspgcc\bin\..\lib\gcc-lib\msp430\3.2.3\..\..\..\..\msp430\lib\libc.a(strlen.o)
 *(SORT(.bss.*))
 *(COMMON)
 COMMON         0x00000206        0x6 ../../..//mcu/libfitkit/build\libfitkit_f1xx.a(flash_f1xx.o)
                0x00000206                CountPage
                0x00000208                TypeBufferFlash
                0x0000020a                AdrBufferFlash
 COMMON         0x0000020c        0x2 ../../..//mcu/libfitkit/build\libfitkit_f1xx.a(terminal_f1xx.o)
                0x0000020c                Cmd_Old
                0x0000020d                Cmd
 COMMON         0x0000020e       0xf1 ../../..//mcu/libfitkit/build\libfitkit_f1xx.a(uart_f1xx.o)
                0x0000020e                BreakFlag
                0x0000020f                TransmitNum
                0x00000210                ReceiveNum
                0x00000212                ReceiveBuf
                0x00000292                ReceiveIndexRec
                0x00000294                TransmitBuf
                0x000002f8                ErrorFlag
                0x000002fa                ReceiveIndex
                0x000002fc                TransmitIndexSend
                0x000002fd                TransmitIndex
                0x000002fe                PomRS232
 *fill*         0x000002ff        0x1 00
 COMMON         0x00000300        0x4 ../../..//mcu/libfitkit/build\libfitkit_f1xx.a(filetransfer_f1xx.o)
                0x00000300                cb_fun
                0x00000302                cb_buf
 COMMON         0x00000304       0x1e ../../..//mcu/libfitkit/build\libfitkit_f1xx.a(cmd_f1xx.o)
                0x00000304                CMD_Long
                0x00000308                CMDStr
                0x00000321                CMDStrLen
                0x00000322                PROVIDE (__bss_end, .)
                0x00000322                _end = .
                0x0000011c                PROVIDE (__bss_size, SIZEOF (.bss))

.noinit         0x00000322        0x0
                0x00000322                PROVIDE (__noinit_start, .)
 *(.noinit)
 *(.noinit.*)
 *(COMMON)
                0x00000322                PROVIDE (__noinit_end, .)
                0x00000322                _end = .

.vectors        0x0000ffe0       0x20
                0x0000ffe0                PROVIDE (__vectors_start, .)
 *(.vectors*)
 .vectors       0x0000ffe0       0x20 C:\Program Files\mspgcc\bin\..\lib\gcc-lib\msp430\3.2.3\..\..\..\..\msp430\lib\crt430x168.o
                0x0000ffe0                InterruptVectors
 *(.vectors*)
                0x00010000                _vectors_end = .

.profiler
 *(.profiler)

.stab           0x00000000     0x2ebc
 *(.stab)
 .stab          0x00000000       0xf0 C:\Program Files\mspgcc\bin\..\lib\gcc-lib\msp430\3.2.3\..\..\..\..\msp430\lib\crt430x168.o
 .stab          0x000000f0      0x3e4 C:\Program Files\mspgcc\bin\..\lib\gcc-lib\msp430\3.2.3\libgcc.a(_floatdisf.o)
                                0x3f0 (size before relaxing)
 .stab          0x000004d4      0x804 C:\Program Files\mspgcc\bin\..\lib\gcc-lib\msp430\3.2.3\libgcc.a(_addsub_sf.o)
                                0x8a0 (size before relaxing)
 .stab          0x00000cd8      0x630 C:\Program Files\mspgcc\bin\..\lib\gcc-lib\msp430\3.2.3\libgcc.a(_mul_sf.o)
                                0x798 (size before relaxing)
 .stab          0x00001308      0x4d4 C:\Program Files\mspgcc\bin\..\lib\gcc-lib\msp430\3.2.3\libgcc.a(_div_sf.o)
                                0x63c (size before relaxing)
 .stab          0x000017dc      0x288 C:\Program Files\mspgcc\bin\..\lib\gcc-lib\msp430\3.2.3\libgcc.a(_gt_sf.o)
                                0x3f0 (size before relaxing)
 .stab          0x00001a64      0x288 C:\Program Files\mspgcc\bin\..\lib\gcc-lib\msp430\3.2.3\libgcc.a(_si_to_sf.o)
                                0x3f0 (size before relaxing)
 .stab          0x00001cec      0x18c C:\Program Files\mspgcc\bin\..\lib\gcc-lib\msp430\3.2.3\libgcc.a(_thenan_sf.o)
                                0x2f4 (size before relaxing)
 .stab          0x00001e78      0x450 C:\Program Files\mspgcc\bin\..\lib\gcc-lib\msp430\3.2.3\libgcc.a(_pack_sf.o)
                                0x5b8 (size before relaxing)
 .stab          0x000022c8      0x318 C:\Program Files\mspgcc\bin\..\lib\gcc-lib\msp430\3.2.3\libgcc.a(_unpack_sf.o)
                                0x480 (size before relaxing)
 .stab          0x000025e0      0x354 C:\Program Files\mspgcc\bin\..\lib\gcc-lib\msp430\3.2.3\libgcc.a(_fpcmp_parts_sf.o)
                                0x4bc (size before relaxing)
 .stab          0x00002934      0x168 C:\Program Files\mspgcc\bin\..\lib\gcc-lib\msp430\3.2.3\..\..\..\..\msp430\lib\libc.a(isdigit.o)
                                0x174 (size before relaxing)
 .stab          0x00002a9c      0x420 C:\Program Files\mspgcc\bin\..\lib\gcc-lib\msp430\3.2.3\..\..\..\..\msp430\lib\libc.a(strlen.o)
                                0x42c (size before relaxing)

.stabstr        0x00000000     0x1336
 *(.stabstr)
 .stabstr       0x00000000     0x1336 C:\Program Files\mspgcc\bin\..\lib\gcc-lib\msp430\3.2.3\..\..\..\..\msp430\lib\crt430x168.o

.stab.excl
 *(.stab.excl)

.stab.exclstr
 *(.stab.exclstr)

.stab.index
 *(.stab.index)

.stab.indexstr
 *(.stab.indexstr)

.comment
 *(.comment)

.debug
 *(.debug)

.line
 *(.line)

.debug_srcinfo
 *(.debug_srcinfo)

.debug_sfnames
 *(.debug_sfnames)

.debug_aranges
 *(.debug_aranges)

.debug_pubnames
 *(.debug_pubnames)

.debug_info
 *(.debug_info)
 *(.gnu.linkonce.wi.*)

.debug_abbrev
 *(.debug_abbrev)

.debug_line
 *(.debug_line)

.debug_frame
 *(.debug_frame)

.debug_str
 *(.debug_str)

.debug_loc
 *(.debug_loc)

.debug_macinfo
 *(.debug_macinfo)
                0x00000a00                PROVIDE (__stack, 0xa00)
                0x00009a5c                PROVIDE (__data_start_rom, _etext)
                0x00009a62                PROVIDE (__data_end_rom, (_etext + SIZEOF (.data)))
                0x00009a62                PROVIDE (__noinit_start_rom, (_etext + SIZEOF (.data)))
                0x00009a62                PROVIDE (__noinit_end_rom, ((_etext + SIZEOF (.data)) + SIZEOF (.noinit)))
                0x00000000                PROVIDE (__subdevice_has_heap, 0x0)
OUTPUT(build/med_filtr_f1xx.elf elf32-msp430)
